
**** 09/28/26 23:52:54 **** PSpice 23.1.0 (30 January 2024) *** ID# 0 ********

 ** Profile: "STEADY_STATE-steady_state"  [ C:\Users\Bryton King\Documents\GitHub\SDP\SDP\Power_PCB\Simulations\snvmcb2\LMR51450_PSPI


 ****     CIRCUIT DESCRIPTION


******************************************************************************




** Creating circuit file "steady_state.cir" 
** WARNING: THIS AUTOMATICALLY GENERATED FILE MAY BE OVERWRITTEN BY SUBSEQUENT SIMULATIONS

*Libraries: 
* Profile Libraries :
* Local Libraries :
.LIB "../../../lmr51450_trans.lib" 
* From [PSPICE NETLIST] section of C:\cds_spb_home\cdssetup\OrCAD_PSpiceTIPSpice_Install\23.1.0\PSpice.ini file:
.lib "nom_pspti.lib" 
.lib "nom.lib" 

*Analysis directives: 
.TRAN  0 600u 0 20n 
.OPTIONS ADVCONV
.OPTIONS FILEMODELSEARCH
.PROBE64 V(alias(*)) I(alias(*)) W(alias(*)) D(alias(*)) NOISE(alias(*)) 
.INC "..\STEADY_STATE.net" 



**** INCLUDING STEADY_STATE.net ****
* source LMR51450_TRANS
X_U1         0 N14380769 EN FB 0 N14382898 N14382962 BOOT BOOT BOOT EN EN EN
+  LMR51450_TRANS PARAMS:  MODE=1
R_R6         VOUT N14381037  1k  
R_R12         N14382696 EN  5m  
C_C1         EN 0  0.1u   
C_C10         EN 0  4.7u   
X_C5         VOUT 0 CESR PARAMS:  C=33u  ESR=2m X=1  IC={VOUT*MODE}
R_Rload         VOUT 0  {VOUT/IOUT} TC=0,0 
C_C9         EN 0  4.7u   
L_L1         BOOT VOUT  4.7u IC={IOUT*MODE} 
R_R13         N14382962 0  21k TC=0,0 
C_C3         N14380769 BOOT  100n   
R_R3         VOUT FB  100k  
R_R10         EN N14382898  5k TC=0,0 
C_C16         FB N14381037  33p   
R_R9         FB 0  19.1k  
X_C13         VOUT 0 CESR PARAMS:  C=33u  ESR=2m X=1  IC={VOUT*MODE}
V_V1         N14382696 0 12V
.PARAM  vin=12 iout=5 vout=5 mode=1

**** RESUMING steady_state.cir ****
.END

**** 09/28/26 23:52:54 **** PSpice 23.1.0 (30 January 2024) *** ID# 0 ********

 ** Profile: "STEADY_STATE-steady_state"  [ C:\Users\Bryton King\Documents\GitHub\SDP\SDP\Power_PCB\Simulations\snvmcb2\LMR51450_PSPI


 ****     INITIAL TRANSIENT SOLUTION       TEMPERATURE =   27.000 DEG C


******************************************************************************



 NODE   VOLTAGE     NODE   VOLTAGE     NODE   VOLTAGE     NODE   VOLTAGE


(   EN)   12.0000  (   FB)     .8017  ( BOOT)   -3.9445  ( VOUT)    5.0000      

(N14380769)    4.9941                 (N14381037)    5.0000                     

(N14382696)   12.0000                 (N14382898)   11.9400                     

(N14382962)     .0361                 




    VOLTAGE SOURCE CURRENTS
    NAME         CURRENT

    V_V1        -3.763E-05

    TOTAL POWER DISSIPATION   4.52E-04  WATTS



          JOB CONCLUDED

**** 09/28/26 23:52:54 **** PSpice 23.1.0 (30 January 2024) *** ID# 0 ********

 ** Profile: "STEADY_STATE-steady_state"  [ C:\Users\Bryton King\Documents\GitHub\SDP\SDP\Power_PCB\Simulations\snvmcb2\LMR51450_PSPI


 ****     JOB STATISTICS SUMMARY


******************************************************************************



  Total job time (using Solver 1)   =      683.70
