Replace Part C1 Capacitor in C:\Users\Bryton King\Documents\GitHub\SDP\SDP\Power_PCB\schem1.SchDoc with Capacitor from Simulation Generic Components.IntLib
Replace Part C2 Capacitor in C:\Users\Bryton King\Documents\GitHub\SDP\SDP\Power_PCB\schem1.SchDoc with Capacitor from Simulation Generic Components.IntLib
Replace Part C3 Capacitor in C:\Users\Bryton King\Documents\GitHub\SDP\SDP\Power_PCB\schem1.SchDoc with Capacitor from Simulation Generic Components.IntLib
Replace Part C4 Capacitor in C:\Users\Bryton King\Documents\GitHub\SDP\SDP\Power_PCB\schem1.SchDoc with Capacitor from Simulation Generic Components.IntLib
Replace Part C5 Capacitor in C:\Users\Bryton King\Documents\GitHub\SDP\SDP\Power_PCB\schem1.SchDoc with Capacitor from Simulation Generic Components.IntLib
Replace Part C6 Capacitor in C:\Users\Bryton King\Documents\GitHub\SDP\SDP\Power_PCB\schem1.SchDoc with Capacitor from Simulation Generic Components.IntLib
Replace Part C7 Capacitor in C:\Users\Bryton King\Documents\GitHub\SDP\SDP\Power_PCB\schem1.SchDoc with Capacitor from Simulation Generic Components.IntLib
Replace Part C8 Capacitor in C:\Users\Bryton King\Documents\GitHub\SDP\SDP\Power_PCB\schem1.SchDoc with Capacitor from Simulation Generic Components.IntLib
Replace Part C9 Capacitor in C:\Users\Bryton King\Documents\GitHub\SDP\SDP\Power_PCB\schem1.SchDoc with Capacitor from Simulation Generic Components.IntLib
Replace Part C10 Capacitor in C:\Users\Bryton King\Documents\GitHub\SDP\SDP\Power_PCB\schem1.SchDoc with Capacitor from Simulation Generic Components.IntLib
Replace Part C11 Capacitor in C:\Users\Bryton King\Documents\GitHub\SDP\SDP\Power_PCB\schem1.SchDoc with Capacitor from Simulation Generic Components.IntLib
Replace Part C12 Capacitor in C:\Users\Bryton King\Documents\GitHub\SDP\SDP\Power_PCB\schem1.SchDoc with Capacitor from Simulation Generic Components.IntLib
Replace Part L1 Inductor in C:\Users\Bryton King\Documents\GitHub\SDP\SDP\Power_PCB\schem1.SchDoc with Inductor from Simulation Generic Components.IntLib
Replace Part R1 Resistor in C:\Users\Bryton King\Documents\GitHub\SDP\SDP\Power_PCB\schem1.SchDoc with Resistor from Simulation Generic Components.IntLib
Replace Part R2 Resistor in C:\Users\Bryton King\Documents\GitHub\SDP\SDP\Power_PCB\schem1.SchDoc with Resistor from Simulation Generic Components.IntLib
Replace Part R3 Resistor in C:\Users\Bryton King\Documents\GitHub\SDP\SDP\Power_PCB\schem1.SchDoc with Resistor from Simulation Generic Components.IntLib
Replace Part R4 Resistor in C:\Users\Bryton King\Documents\GitHub\SDP\SDP\Power_PCB\schem1.SchDoc with Resistor from Simulation Generic Components.IntLib
Replace Part R? Resistor in C:\Users\Bryton King\Documents\GitHub\SDP\SDP\Power_PCB\schem1.SchDoc with Resistor from Simulation Generic Components.IntLib
Replace Part R? Resistor in C:\Users\Bryton King\Documents\GitHub\SDP\SDP\Power_PCB\schem1.SchDoc with Resistor from Simulation Generic Components.IntLib
Replace Part R? Resistor in C:\Users\Bryton King\Documents\GitHub\SDP\SDP\Power_PCB\schem1.SchDoc with Resistor from Simulation Generic Components.IntLib
Replace Part R? Resistor in C:\Users\Bryton King\Documents\GitHub\SDP\SDP\Power_PCB\schem1.SchDoc with Resistor from Simulation Generic Components.IntLib
Replace Part R? Resistor in C:\Users\Bryton King\Documents\GitHub\SDP\SDP\Power_PCB\schem1.SchDoc with Resistor from Simulation Generic Components.IntLib
Replace Part R? Resistor in C:\Users\Bryton King\Documents\GitHub\SDP\SDP\Power_PCB\schem1.SchDoc with Resistor from Simulation Generic Components.IntLib
Replace Part R? Resistor in C:\Users\Bryton King\Documents\GitHub\SDP\SDP\Power_PCB\schem1.SchDoc with Resistor from Simulation Generic Components.IntLib
Replace Part R? Resistor in C:\Users\Bryton King\Documents\GitHub\SDP\SDP\Power_PCB\schem1.SchDoc with Resistor from Simulation Generic Components.IntLib
Replace Part R? Resistor in C:\Users\Bryton King\Documents\GitHub\SDP\SDP\Power_PCB\schem1.SchDoc with Resistor from Simulation Generic Components.IntLib
Replace Part R? Resistor in C:\Users\Bryton King\Documents\GitHub\SDP\SDP\Power_PCB\schem1.SchDoc with Resistor from Simulation Generic Components.IntLib
Replace Part R? Resistor in C:\Users\Bryton King\Documents\GitHub\SDP\SDP\Power_PCB\schem1.SchDoc with Resistor from Simulation Generic Components.IntLib
Replace Part R? Resistor in C:\Users\Bryton King\Documents\GitHub\SDP\SDP\Power_PCB\schem1.SchDoc with Resistor from Simulation Generic Components.IntLib
Replace Part U1 LMR51450FSQDRRRQ1 in C:\Users\Bryton King\Documents\GitHub\SDP\SDP\Power_PCB\schem1.SchDoc with LMR51450FSQDRRRQ1 from Schlib1.SchLib
Replace Part U3 NSR020A0X43Z in C:\Users\Bryton King\Documents\GitHub\SDP\SDP\Power_PCB\schem1.SchDoc with NSR020A0X43Z from Schlib1.SchLib
Replace Part U4 STM32G474CBT6TR in C:\Users\Bryton King\Documents\GitHub\SDP\SDP\Power_PCB\schem1.SchDoc with STM32G474CBT6TR from Schlib1.SchLib
